// Jest Snapshot v1, https://goo.gl/fbAQLP

exports[`Label component deve conseguir renderizar [snapshot] 1`] = `
<label
  class="sc-bdVaJa FTQhB"
/>
`;
