// Jest Snapshot v1, https://goo.gl/fbAQLP

exports[`Button component deve conseguir renderizar [snapshot] 1`] = `
<button
  className="sc-bdVaJa fPEQVc"
/>
`;
