// Jest Snapshot v1, https://goo.gl/fbAQLP

exports[`GoogleMaps component deve conseguir renderizar [snapshot] 1`] = `
<div>
  Loading...
</div>
`;
